// Jest Snapshot v1, https://goo.gl/fbAQLP

exports[`<PostExpanded /> should match snapshot 1`] = `
<div
  class="flex-column align-center post-expanded"
>
  <div
    class="flex-row align-center justify-space-between toolbar"
  >
    <div
      class="post-index"
    >
      0/13
    </div>
     
    <div
      class="nav-buttons"
    >
      <button>
        <svg
          aria-hidden="true"
          class="svg-inline--fa fa-step-backward fa-w-14"
          data-icon="step-backward"
          data-prefix="fas"
          focusable="false"
          role="img"
          viewBox="0 0 448 512"
          xmlns="http://www.w3.org/2000/svg"
        >
          <path
            class=""
            d="M64 468V44c0-6.6 5.4-12 12-12h48c6.6 0 12 5.4 12 12v176.4l195.5-181C352.1 22.3 384 36.6 384 64v384c0 27.4-31.9 41.7-52.5 24.6L136 292.7V468c0 6.6-5.4 12-12 12H76c-6.6 0-12-5.4-12-12z"
            fill="currentColor"
          />
        </svg>
      </button>
       
      <button>
        <svg
          aria-hidden="true"
          class="svg-inline--fa fa-chevron-left fa-w-10"
          data-icon="chevron-left"
          data-prefix="fas"
          focusable="false"
          role="img"
          viewBox="0 0 320 512"
          xmlns="http://www.w3.org/2000/svg"
        >
          <path
            class=""
            d="M34.52 239.03L228.87 44.69c9.37-9.37 24.57-9.37 33.94 0l22.67 22.67c9.36 9.36 9.37 24.52.04 33.9L131.49 256l154.02 154.75c9.34 9.38 9.32 24.54-.04 33.9l-22.67 22.67c-9.37 9.37-24.57 9.37-33.94 0L34.52 272.97c-9.37-9.37-9.37-24.57 0-33.94z"
            fill="currentColor"
          />
        </svg>
      </button>
       
      <button>
        <svg
          aria-hidden="true"
          class="svg-inline--fa fa-chevron-right fa-w-10"
          data-icon="chevron-right"
          data-prefix="fas"
          focusable="false"
          role="img"
          viewBox="0 0 320 512"
          xmlns="http://www.w3.org/2000/svg"
        >
          <path
            class=""
            d="M285.476 272.971L91.132 467.314c-9.373 9.373-24.569 9.373-33.941 0l-22.667-22.667c-9.357-9.357-9.375-24.522-.04-33.901L188.505 256 34.484 101.255c-9.335-9.379-9.317-24.544.04-33.901l22.667-22.667c9.373-9.373 24.569-9.373 33.941 0L285.475 239.03c9.373 9.372 9.373 24.568.001 33.941z"
            fill="currentColor"
          />
        </svg>
      </button>
       
      <button>
        <svg
          aria-hidden="true"
          class="svg-inline--fa fa-step-forward fa-w-14"
          data-icon="step-forward"
          data-prefix="fas"
          focusable="false"
          role="img"
          viewBox="0 0 448 512"
          xmlns="http://www.w3.org/2000/svg"
        >
          <path
            class=""
            d="M384 44v424c0 6.6-5.4 12-12 12h-48c-6.6 0-12-5.4-12-12V291.6l-195.5 181C95.9 489.7 64 475.4 64 448V64c0-27.4 31.9-41.7 52.5-24.6L312 219.3V44c0-6.6 5.4-12 12-12h48c6.6 0 12 5.4 12 12z"
            fill="currentColor"
          />
        </svg>
      </button>
    </div>
     
    <div>
      <button>
        <svg
          aria-hidden="true"
          class="svg-inline--fa fa-times fa-w-11"
          data-icon="times"
          data-prefix="fas"
          focusable="false"
          role="img"
          viewBox="0 0 352 512"
          xmlns="http://www.w3.org/2000/svg"
        >
          <path
            class=""
            d="M242.72 256l100.07-100.07c12.28-12.28 12.28-32.19 0-44.48l-22.24-22.24c-12.28-12.28-32.19-12.28-44.48 0L176 189.28 75.93 89.21c-12.28-12.28-32.19-12.28-44.48 0L9.21 111.45c-12.28 12.28-12.28 32.19 0 44.48L109.28 256 9.21 356.07c-12.28 12.28-12.28 32.19 0 44.48l22.24 22.24c12.28 12.28 32.2 12.28 44.48 0L176 322.72l100.07 100.07c12.28 12.28 32.2 12.28 44.48 0l22.24-22.24c12.28-12.28 12.28-32.19 0-44.48L242.72 256z"
            fill="currentColor"
          />
        </svg>
      </button>
    </div>
  </div>
   
  <div
    class="flex-column content"
  >
    <div
      class="flex-row align-center justify-center spinner"
    >
      <div
        class="loading"
      />
    </div>
  </div>
</div>
`;
